// Jest Snapshot v1, https://goo.gl/fbAQLP

exports[`redis-1-ioredis should retrieve seeded value 1`] = `"lie"`;
