// Jest Snapshot v1, https://goo.gl/fbAQLP

exports[`KafkaRunner should create unique instances 1`] = `
KafkaRunner {
  "containerId": "",
  "getComposeService": [Function],
  "initializer": "",
  "isBridgeNetworkMode": false,
  "logger": Logger {
    "debug": [Function],
    "error": [Function],
    "info": [Function],
    "runnerService": "k1",
    "runnerSymbol": "ðŸ¦‡ ",
    "setRunnerSymbol": [Function],
    "warn": [Function],
  },
  "runnerConfig": Object {
    "autoCreateTopic": true,
    "build": "",
    "commands": Array [],
    "connectionTimeout": 5,
    "dependsOn": Array [
      ZooKeeperRunner {
        "containerId": "",
        "getComposeService": [Function],
        "initializer": "",
        "isBridgeNetworkMode": false,
        "logger": Logger {
          "debug": [Function],
          "error": [Function],
          "info": [Function],
          "runnerService": "zk1",
          "runnerSymbol": "ðŸ¦‡ ",
          "setRunnerSymbol": [Function],
          "warn": [Function],
        },
        "runnerConfig": Object {
          "build": "",
          "commands": Array [],
          "connectionTimeout": 5,
          "dependsOn": Array [],
          "host": "localhost",
          "image": "some/image:123",
          "networks": undefined,
          "ports": Array [
            Object {
              "published": 2181,
              "target": 2181,
            },
          ],
          "props": Object {},
          "responsivenessTimeout": 30,
          "service": "zk1",
        },
      },
    ],
    "host": "localhost",
    "image": "some/image:123",
    "networks": undefined,
    "ports": Array [
      Object {
        "published": 9092,
        "target": 9092,
      },
    ],
    "props": Object {},
    "responsivenessTimeout": 30,
    "service": "k1",
  },
}
`;

exports[`KafkaRunner should create unique instances 2`] = `
KafkaRunner {
  "containerId": "",
  "getComposeService": [Function],
  "initializer": "",
  "isBridgeNetworkMode": false,
  "logger": Logger {
    "debug": [Function],
    "error": [Function],
    "info": [Function],
    "runnerService": "k2",
    "runnerSymbol": "ðŸ¦‡ ",
    "setRunnerSymbol": [Function],
    "warn": [Function],
  },
  "runnerConfig": Object {
    "autoCreateTopic": true,
    "build": "",
    "commands": Array [],
    "connectionTimeout": 5,
    "dependsOn": Array [
      ZooKeeperRunner {
        "containerId": "",
        "getComposeService": [Function],
        "initializer": "",
        "isBridgeNetworkMode": false,
        "logger": Logger {
          "debug": [Function],
          "error": [Function],
          "info": [Function],
          "runnerService": "zk2",
          "runnerSymbol": "ðŸ¦‡ ",
          "setRunnerSymbol": [Function],
          "warn": [Function],
        },
        "runnerConfig": Object {
          "build": "",
          "commands": Array [],
          "connectionTimeout": 5,
          "dependsOn": Array [],
          "host": "localhost",
          "image": "some/image:123",
          "networks": undefined,
          "ports": Array [
            Object {
              "published": 2181,
              "target": 2181,
            },
          ],
          "props": Object {},
          "responsivenessTimeout": 30,
          "service": "zk2",
        },
      },
    ],
    "host": "localhost",
    "image": "some/image:123",
    "networks": undefined,
    "ports": Array [
      Object {
        "published": 9092,
        "target": 9092,
      },
    ],
    "props": Object {},
    "responsivenessTimeout": 30,
    "service": "k2",
  },
}
`;
