// Jest Snapshot v1, https://goo.gl/fbAQLP

exports[`hashCode happy should generate valid hashCode 1`] = `-2021595073`;
