// Jest Snapshot v1, https://goo.gl/fbAQLP

exports[`transformComposeObjToRunners should detect conflict and prioritize attachedRunners 1`] = `
Array [
  PostgresRunner {
    "containerId": "",
    "createResponsivenessCheckCmd": [Function],
    "getComposeService": [Function],
    "initializer": "",
    "isBridgeNetworkMode": false,
    "logger": Logger {
      "debug": [Function],
      "error": [Function],
      "info": [Function],
      "runnerService": "postgres",
      "runnerSymbol": "ðŸ¦‡ ",
      "setRunnerSymbol": [Function],
      "warn": [Function],
    },
    "runnerConfig": Object {
      "build": "",
      "commands": Array [],
      "connectionTimeout": 5,
      "database": "_",
      "dependsOn": Array [],
      "host": "localhost",
      "image": "postgres/image:123",
      "networks": undefined,
      "password": "_",
      "ports": Array [
        Object {
          "published": 5432,
          "target": 5432,
        },
      ],
      "props": Object {
        "POSTGRES_DB": "_",
        "POSTGRES_PASSWORD": "_",
        "POSTGRES_USER": "_",
      },
      "responsivenessTimeout": 30,
      "service": "postgres",
      "username": "_",
    },
  },
  RedisRunner {
    "containerId": "",
    "createResponsivenessCheckCmd": [Function],
    "getComposeService": [Function],
    "initializer": "",
    "isBridgeNetworkMode": false,
    "logger": Logger {
      "debug": [Function],
      "error": [Function],
      "info": [Function],
      "runnerService": "redis",
      "runnerSymbol": "ðŸ¦‡ ",
      "setRunnerSymbol": [Function],
      "warn": [Function],
    },
    "runnerConfig": Object {
      "build": "",
      "commands": Array [],
      "connectionTimeout": 5,
      "dependsOn": Array [],
      "host": "localhost",
      "image": "redis/image:123",
      "networks": undefined,
      "password": "",
      "ports": Array [
        Object {
          "published": 6379,
          "target": 6379,
        },
      ],
      "props": Object {},
      "responsivenessTimeout": 30,
      "service": "redis",
    },
  },
]
`;
