// Jest Snapshot v1, https://goo.gl/fbAQLP

exports[`GeneralPurposeRunner should create unique instances 1`] = `
GeneralPurposeRunner {
  "containerId": "",
  "createResponsivenessCheckCmd": null,
  "getComposeService": [Function],
  "initializer": "",
  "isBridgeNetworkMode": false,
  "logger": Logger {
    "debug": [Function],
    "error": [Function],
    "info": [Function],
    "runnerService": "r1",
    "runnerSymbol": "ðŸ¦‡ ",
    "setRunnerSymbol": [Function],
    "warn": [Function],
  },
  "runnerConfig": Object {
    "build": "",
    "commands": Array [],
    "connectionTimeout": 5,
    "dependsOn": Array [],
    "host": "localhost",
    "image": "some/image:123",
    "networks": undefined,
    "ports": Array [],
    "props": Object {},
    "responsivenessTimeout": 30,
    "service": "r1",
  },
}
`;

exports[`GeneralPurposeRunner should create unique instances 2`] = `
GeneralPurposeRunner {
  "containerId": "",
  "createResponsivenessCheckCmd": null,
  "getComposeService": [Function],
  "initializer": "",
  "isBridgeNetworkMode": false,
  "logger": Logger {
    "debug": [Function],
    "error": [Function],
    "info": [Function],
    "runnerService": "r2",
    "runnerSymbol": "ðŸ¦‡ ",
    "setRunnerSymbol": [Function],
    "warn": [Function],
  },
  "runnerConfig": Object {
    "build": "",
    "commands": Array [],
    "connectionTimeout": 5,
    "dependsOn": Array [],
    "host": "localhost",
    "image": "some/image:123",
    "networks": undefined,
    "ports": Array [],
    "props": Object {},
    "responsivenessTimeout": 30,
    "service": "r2",
  },
}
`;
